你好世界
你好world
